------------------------------------------------------------
Timing Analyzer Summary
------------------------------------------------------------

Type  : Slow 1200mV 85C Model Setup 'adc_clk'
Slack : -892.002
TNS   : -10702.612

Type  : Slow 1200mV 85C Model Setup 'secondPLL|altpll_component|auto_generated|pll1|clk[0]'
Slack : -17.244
TNS   : -72.951

Type  : Slow 1200mV 85C Model Setup 'mic_adc1|adc_mega_0|ADC_CTRL|adc_pll|auto_generated|pll1|clk[0]'
Slack : -10.974
TNS   : -65.264

Type  : Slow 1200mV 85C Model Setup 'myPLL_instance|altpll_component|auto_generated|pll1|clk[0]'
Slack : 0.308
TNS   : 0.000

Type  : Slow 1200mV 85C Model Hold 'adc_clk'
Slack : 0.290
TNS   : 0.000

Type  : Slow 1200mV 85C Model Hold 'myPLL_instance|altpll_component|auto_generated|pll1|clk[0]'
Slack : 0.404
TNS   : 0.000

Type  : Slow 1200mV 85C Model Hold 'secondPLL|altpll_component|auto_generated|pll1|clk[0]'
Slack : 0.499
TNS   : 0.000

Type  : Slow 1200mV 85C Model Hold 'mic_adc1|adc_mega_0|ADC_CTRL|adc_pll|auto_generated|pll1|clk[0]'
Slack : 5.972
TNS   : 0.000

Type  : Slow 1200mV 85C Model Minimum Pulse Width 'adc_clk'
Slack : 4.529
TNS   : 0.000

Type  : Slow 1200mV 85C Model Minimum Pulse Width 'mic_adc1|adc_mega_0|ADC_CTRL|adc_pll|auto_generated|pll1|clk[0]'
Slack : 4.575
TNS   : 0.000

Type  : Slow 1200mV 85C Model Minimum Pulse Width 'clk'
Slack : 9.820
TNS   : 0.000

Type  : Slow 1200mV 85C Model Minimum Pulse Width 'myPLL_instance|altpll_component|auto_generated|pll1|clk[0]'
Slack : 19.590
TNS   : 0.000

Type  : Slow 1200mV 85C Model Minimum Pulse Width 'secondPLL|altpll_component|auto_generated|pll1|clk[0]'
Slack : 113636.082
TNS   : 0.000

Type  : Slow 1200mV 0C Model Setup 'adc_clk'
Slack : -883.936
TNS   : -10605.996

Type  : Slow 1200mV 0C Model Setup 'secondPLL|altpll_component|auto_generated|pll1|clk[0]'
Slack : -14.569
TNS   : -58.515

Type  : Slow 1200mV 0C Model Setup 'mic_adc1|adc_mega_0|ADC_CTRL|adc_pll|auto_generated|pll1|clk[0]'
Slack : -9.592
TNS   : -57.020

Type  : Slow 1200mV 0C Model Setup 'myPLL_instance|altpll_component|auto_generated|pll1|clk[0]'
Slack : 0.482
TNS   : 0.000

Type  : Slow 1200mV 0C Model Hold 'adc_clk'
Slack : 0.292
TNS   : 0.000

Type  : Slow 1200mV 0C Model Hold 'myPLL_instance|altpll_component|auto_generated|pll1|clk[0]'
Slack : 0.325
TNS   : 0.000

Type  : Slow 1200mV 0C Model Hold 'secondPLL|altpll_component|auto_generated|pll1|clk[0]'
Slack : 0.419
TNS   : 0.000

Type  : Slow 1200mV 0C Model Hold 'mic_adc1|adc_mega_0|ADC_CTRL|adc_pll|auto_generated|pll1|clk[0]'
Slack : 4.616
TNS   : 0.000

Type  : Slow 1200mV 0C Model Minimum Pulse Width 'adc_clk'
Slack : 4.543
TNS   : 0.000

Type  : Slow 1200mV 0C Model Minimum Pulse Width 'mic_adc1|adc_mega_0|ADC_CTRL|adc_pll|auto_generated|pll1|clk[0]'
Slack : 4.631
TNS   : 0.000

Type  : Slow 1200mV 0C Model Minimum Pulse Width 'clk'
Slack : 9.830
TNS   : 0.000

Type  : Slow 1200mV 0C Model Minimum Pulse Width 'myPLL_instance|altpll_component|auto_generated|pll1|clk[0]'
Slack : 19.601
TNS   : 0.000

Type  : Slow 1200mV 0C Model Minimum Pulse Width 'secondPLL|altpll_component|auto_generated|pll1|clk[0]'
Slack : 113636.054
TNS   : 0.000

Type  : Fast 1200mV 0C Model Setup 'adc_clk'
Slack : -844.027
TNS   : -10127.678

Type  : Fast 1200mV 0C Model Setup 'mic_adc1|adc_mega_0|ADC_CTRL|adc_pll|auto_generated|pll1|clk[0]'
Slack : -3.619
TNS   : -21.228

Type  : Fast 1200mV 0C Model Setup 'secondPLL|altpll_component|auto_generated|pll1|clk[0]'
Slack : -1.266
TNS   : -2.260

Type  : Fast 1200mV 0C Model Setup 'myPLL_instance|altpll_component|auto_generated|pll1|clk[0]'
Slack : 1.973
TNS   : 0.000

Type  : Fast 1200mV 0C Model Hold 'mic_adc1|adc_mega_0|ADC_CTRL|adc_pll|auto_generated|pll1|clk[0]'
Slack : -0.230
TNS   : -0.579

Type  : Fast 1200mV 0C Model Hold 'adc_clk'
Slack : 0.116
TNS   : 0.000

Type  : Fast 1200mV 0C Model Hold 'myPLL_instance|altpll_component|auto_generated|pll1|clk[0]'
Slack : 0.206
TNS   : 0.000

Type  : Fast 1200mV 0C Model Hold 'secondPLL|altpll_component|auto_generated|pll1|clk[0]'
Slack : 0.218
TNS   : 0.000

Type  : Fast 1200mV 0C Model Minimum Pulse Width 'adc_clk'
Slack : 4.271
TNS   : 0.000

Type  : Fast 1200mV 0C Model Minimum Pulse Width 'mic_adc1|adc_mega_0|ADC_CTRL|adc_pll|auto_generated|pll1|clk[0]'
Slack : 4.903
TNS   : 0.000

Type  : Fast 1200mV 0C Model Minimum Pulse Width 'clk'
Slack : 9.530
TNS   : 0.000

Type  : Fast 1200mV 0C Model Minimum Pulse Width 'myPLL_instance|altpll_component|auto_generated|pll1|clk[0]'
Slack : 19.715
TNS   : 0.000

Type  : Fast 1200mV 0C Model Minimum Pulse Width 'secondPLL|altpll_component|auto_generated|pll1|clk[0]'
Slack : 113636.126
TNS   : 0.000

------------------------------------------------------------
